make[1]: Entering directory '/tmp/base/out'
  HOSTCC  scripts/basic/fixdep
  HOSTCC  scripts/basic/bin2c
  HOSTCC  scripts/kconfig/conf.o
  HOSTCC  scripts/kconfig/zconf.tab.o
  HOSTLD  scripts/kconfig/conf
scripts/kconfig/conf  --silentoldconfig Kconfig
  CHK     include/config/kernel.release
  CHK     include/generated/uapi/linux/version.h
  CHK     include/generated/utsrelease.h
  Using .. as source for kernel
  CHK     scripts/mod/devicetable-offsets.h
  CHK     include/generated/timeconst.h
  CHK     include/generated/bounds.h
  CHK     include/generated/asm-offsets.h
  CALL    ../scripts/checksyscalls.sh
-- KDIR: 
-- MDIR: /tmp/base/drivers/kernelsu
-- KernelSU Manager signature size: 0x033b
-- KernelSU Manager signature hash: c371061b19d8c7d7d6133c6a9bafe198fa944e50c1b31c9d8daa8d7f1fc2d2d6
-- KernelSU/compat: security_add_hooks v2 found!
-- KernelSU/compat: f_op->read_iter found!
-- KernelSU/compat: iterate_dir found!

-- SUSFS_VERSION: v2.1.0
  CHK     include/generated/compile.h
  CHK     kernel/config_data.h
  DTC     arch/arm64/boot/dts/qcom/xiaomi-sdmmagpie.dtb
  CC      drivers/input/fingerprint/fpc_tee/fpc1020_tee.o
  DTC     arch/arm64/boot/dts/qcom/courbet-sdmmagpie-overlay.dtbo
  AR      drivers/input/fingerprint/fpc_tee/built-in.o
  DTBOIMG arch/arm64/boot/dtbo.img
  CC      drivers/input/fingerprint/goodix_ta/gf_spi.o
  DTC     arch/arm64/boot/dts/qcom/xiaomi-sdmmagpie.dtb
-- KDIR: 
-- MDIR: /tmp/base/drivers/kernelsu
-- KernelSU Manager signature size: 0x033b
-- KernelSU Manager signature hash: c371061b19d8c7d7d6133c6a9bafe198fa944e50c1b31c9d8daa8d7f1fc2d2d6
-- KernelSU/compat: security_add_hooks v2 found!
-- KernelSU/compat: f_op->read_iter found!
-- KernelSU/compat: iterate_dir found!

-- SUSFS_VERSION: v2.1.0
  CAT     arch/arm64/boot/dtb.img
  CC      drivers/kernelsu/ksu.o
  AR      drivers/input/fingerprint/goodix_ta/built-in.o
  CC      drivers/input/touchscreen/focaltech_spi/focaltech_core.o
  AR      drivers/input/fingerprint/built-in.o
  CC      drivers/input/touchscreen/gt9897t/goodix_brl_spi.o
  CC      drivers/input/touchscreen/gt9897t/goodix_ts_core.o
  AR      drivers/input/touchscreen/focaltech_spi/built-in.o
  CC      drivers/input/touchscreen/gt9897t/goodix_brl_hw.o
  CC      drivers/input/touchscreen/gt9897t/goodix_cfg_bin.o
  AR      drivers/kernelsu/built-in.o
  CC      drivers/input/touchscreen/gt9897t/goodix_ts_utils.o
  CC      drivers/input/touchscreen/gt9897t/goodix_brl_fwupdate.o
  CC      drivers/input/touchscreen/gt9897t/goodix_ts_test.o
  CC      drivers/input/touchscreen/gt9897t/goodix_ts_tools.o
  CC      drivers/input/touchscreen/gt9897t/goodix_ts_gesture.o
  AR      drivers/input/touchscreen/gt9897t/goodix_core.o
  AR      drivers/input/touchscreen/gt9897t/built-in.o
  AR      drivers/input/touchscreen/built-in.o
  AR      drivers/input/built-in.o
  CC      drivers/thermal/thermal_core.o
  AR      drivers/thermal/thermal_sys.o
  AR      drivers/thermal/built-in.o
  AR      drivers/built-in.o
  GEN     .version
  CHK     include/generated/compile.h
  UPD     include/generated/compile.h
  CC      init/version.o
  AR      init/built-in.o
  AR      built-in.o
  LD      vmlinux.o
  MODPOST vmlinux.o
  KSYM    .tmp_kallsyms1.o
  KSYM    .tmp_kallsyms2.o
  LD      vmlinux
  SORTEX  vmlinux
  SYSMAP  System.map
  Building modules, stage 2.
  MODPOST 1 modules
  OBJCOPY arch/arm64/boot/Image
  CC      drivers/mmc/core/mmc_test.mod.o
  GZIP    arch/arm64/boot/Image.gz
  LD [M]  drivers/mmc/core/mmc_test.ko
make[1]: Leaving directory '/tmp/base/out'
